‚¨áÔ∏è Downloading latest instruments.csv...
‚úÖ instruments.csv downloaded successfully.
‚úÖ Filtered file saved as: nifty_instruments.csv | Rows: 1500
Exception in thread Thread-5 (live_trading):
Traceback (most recent call last):
  File "/home/harshilkhatri2808/prod/tradeJenie/venv/lib/python3.11/site-packages/urllib3/connection.py", line 198, in _new_conn
Exception in thread Thread-4 (live_trading):
Traceback (most recent call last):
  File "/home/harshilkhatri2808/prod/tradeJenie/venv/lib/python3.11/site-packages/urllib3/connection.py", line 198, in _new_conn
    sock = connection.create_connection(
           ^^^^^^^^^^^^^^^^^^^^^^^^^^^^^
  File "/home/harshilkhatri2808/prod/tradeJenie/venv/lib/python3.11/site-packages/urllib3/util/connection.py", line 60, in create_connection
    sock = connection.create_connection(
           ^^^^^^^^^^^^^^^^^^^^^^^^^^^^^
  File "/home/harshilkhatri2808/prod/tradeJenie/venv/lib/python3.11/site-packages/urllib3/util/connection.py", line 60, in create_connection
    for res in socket.getaddrinfo(host, port, family, socket.SOCK_STREAM):
               ^^^^^^^^^^^^^^^^^^^^^^^^^^^^^^^^^^^^^^^^^^^^^^^^^^^^^^^^^^
  File "/usr/lib/python3.11/socket.py", line 962, in getaddrinfo
    for res in socket.getaddrinfo(host, port, family, socket.SOCK_STREAM):
               ^^^^^^^^^^^^^^^^^^^^^^^^^^^^^^^^^^^^^^^^^^^^^^^^^^^^^^^^^^
  File "/usr/lib/python3.11/socket.py", line 962, in getaddrinfo
    for res in _socket.getaddrinfo(host, port, family, type, proto, flags):
               ^^^^^^^^^^^^^^^^^^^^^^^^^^^^^^^^^^^^^^^^^^^^^^^^^^^^^^^^^^^
socket.gaierror: [Errno -3] Temporary failure in name resolution

The above exception was the direct cause of the following exception:

Traceback (most recent call last):
  File "/home/harshilkhatri2808/prod/tradeJenie/venv/lib/python3.11/site-packages/urllib3/connectionpool.py", line 787, in urlopen
    for res in _socket.getaddrinfo(host, port, family, type, proto, flags):
               ^^^^^^^^^^^^^^^^^^^^^^^^^^^^^^^^^^^^^^^^^^^^^^^^^^^^^^^^^^^
socket.gaierror: [Errno -3] Temporary failure in name resolution

The above exception was the direct cause of the following exception:

Traceback (most recent call last):
  File "/home/harshilkhatri2808/prod/tradeJenie/venv/lib/python3.11/site-packages/urllib3/connectionpool.py", line 787, in urlopen
    response = self._make_request(
               ^^^^^^^^^^^^^^^^^^^
  File "/home/harshilkhatri2808/prod/tradeJenie/venv/lib/python3.11/site-packages/urllib3/connectionpool.py", line 488, in _make_request
    raise new_e
  File "/home/harshilkhatri2808/prod/tradeJenie/venv/lib/python3.11/site-packages/urllib3/connectionpool.py", line 464, in _make_request
    self._validate_conn(conn)
  File "/home/harshilkhatri2808/prod/tradeJenie/venv/lib/python3.11/site-packages/urllib3/connectionpool.py", line 1093, in _validate_conn
    conn.connect()
  File "/home/harshilkhatri2808/prod/tradeJenie/venv/lib/python3.11/site-packages/urllib3/connection.py", line 753, in connect
    response = self._make_request(
               ^^^^^^^^^^^^^^^^^^^
  File "/home/harshilkhatri2808/prod/tradeJenie/venv/lib/python3.11/site-packages/urllib3/connectionpool.py", line 488, in _make_request
    raise new_e
  File "/home/harshilkhatri2808/prod/tradeJenie/venv/lib/python3.11/site-packages/urllib3/connectionpool.py", line 464, in _make_request
    self._validate_conn(conn)
  File "/home/harshilkhatri2808/prod/tradeJenie/venv/lib/python3.11/site-packages/urllib3/connectionpool.py", line 1093, in _validate_conn
    conn.connect()
  File "/home/harshilkhatri2808/prod/tradeJenie/venv/lib/python3.11/site-packages/urllib3/connection.py", line 753, in connect
    self.sock = sock = self._new_conn()
                       ^^^^^^^^^^^^^^^^
  File "/home/harshilkhatri2808/prod/tradeJenie/venv/lib/python3.11/site-packages/urllib3/connection.py", line 205, in _new_conn
    raise NameResolutionError(self.host, self, e) from e
urllib3.exceptions.NameResolutionError: <urllib3.connection.HTTPSConnection object at 0x7f5a26ba2c10>: Failed to resolve 'api.kite.trade' ([Errno -3] Temporary failure in name resolution)

The above exception was the direct cause of the following exception:

Traceback (most recent call last):
  File "/home/harshilkhatri2808/prod/tradeJenie/venv/lib/python3.11/site-packages/requests/adapters.py", line 644, in send
    self.sock = sock = self._new_conn()
                       ^^^^^^^^^^^^^^^^
  File "/home/harshilkhatri2808/prod/tradeJenie/venv/lib/python3.11/site-packages/urllib3/connection.py", line 205, in _new_conn
    raise NameResolutionError(self.host, self, e) from e
urllib3.exceptions.NameResolutionError: <urllib3.connection.HTTPSConnection object at 0x7f5a26ba1050>: Failed to resolve 'api.kite.trade' ([Errno -3] Temporary failure in name resolution)

The above exception was the direct cause of the following exception:

Traceback (most recent call last):
  File "/home/harshilkhatri2808/prod/tradeJenie/venv/lib/python3.11/site-packages/requests/adapters.py", line 644, in send
    resp = conn.urlopen(
           ^^^^^^^^^^^^^
  File "/home/harshilkhatri2808/prod/tradeJenie/venv/lib/python3.11/site-packages/urllib3/connectionpool.py", line 841, in urlopen
    resp = conn.urlopen(
           ^^^^^^^^^^^^^
  File "/home/harshilkhatri2808/prod/tradeJenie/venv/lib/python3.11/site-packages/urllib3/connectionpool.py", line 841, in urlopen
    retries = retries.increment(
              ^^^^^^^^^^^^^^^^^^
  File "/home/harshilkhatri2808/prod/tradeJenie/venv/lib/python3.11/site-packages/urllib3/util/retry.py", line 519, in increment
    retries = retries.increment(
    raise MaxRetryError(_pool, url, reason) from reason  # type: ignore[arg-type]
              ^^^^^^^^^^^^^^^^^^
  File "/home/harshilkhatri2808/prod/tradeJenie/venv/lib/python3.11/site-packages/urllib3/util/retry.py", line 519, in increment
    ^^^^^^^^^^^^^^^^^^^^^^^^^^^^^^^^^^^^^^^^^^^^^^^^^^^
urllib3.exceptions.MaxRetryError: HTTPSConnectionPool(host='api.kite.trade', port=443): Max retries exceeded with url: /instruments/historical/256265/60minute?from=2025-11-27&to=2025-12-08&interval=60minute&continuous=0&oi=0 (Caused by NameResolutionError("<urllib3.connection.HTTPSConnection object at 0x7f5a26ba1050>: Failed to resolve 'api.kite.trade' ([Errno -3] Temporary failure in name resolution)"))

During handling of the above exception, another exception occurred:

Traceback (most recent call last):
  File "/home/harshilkhatri2808/prod/tradeJenie/tradeJenie.py", line 90, in live_trading
    raise MaxRetryError(_pool, url, reason) from reason  # type: ignore[arg-type]
    ^^^^^^^^^^^^^^^^^^^^^^^^^^^^^^^^^^^^^^^^^^^^^^^^^^^
urllib3.exceptions.MaxRetryError: HTTPSConnectionPool(host='api.kite.trade', port=443): Max retries exceeded with url: /instruments/historical/256265/60minute?from=2025-11-27&to=2025-12-08&interval=60minute&continuous=0&oi=0 (Caused by NameResolutionError("<urllib3.connection.HTTPSConnection object at 0x7f5a26ba2c10>: Failed to resolve 'api.kite.trade' ([Errno -3] Temporary failure in name resolution)"))

During handling of the above exception, another exception occurred:

Traceback (most recent call last):
  File "/home/harshilkhatri2808/prod/tradeJenie/tradeJenie.py", line 90, in live_trading
    df = get_historical_df(instrument_token, config['INTERVAL'], DAYS, user)
         ^^^^^^^^^^^^^^^^^^^^^^^^^^^^^^^^^^^^^^^^^^^^^^^^^^^^^^^^^^^^^^^^^^^
  File "/home/harshilkhatri2808/prod/tradeJenie/kitefunction.py", line 67, in get_historical_df
    df = get_historical_df(instrument_token, config['INTERVAL'], DAYS, user)
         ^^^^^^^^^^^^^^^^^^^^^^^^^^^^^^^^^^^^^^^^^^^^^^^^^^^^^^^^^^^^^^^^^^^
  File "/home/harshilkhatri2808/prod/tradeJenie/kitefunction.py", line 67, in get_historical_df
    data = kite.historical_data(instrument_token, from_date, to_date, interval)
           ^^^^^^^^^^^^^^^^^^^^^^^^^^^^^^^^^^^^^^^^^^^^^^^^^^^^^^^^^^^^^^^^^^^^
  File "/home/harshilkhatri2808/prod/tradeJenie/venv/lib/python3.11/site-packages/kiteconnect/connect.py", line 632, in historical_data
    data = kite.historical_data(instrument_token, from_date, to_date, interval)
           ^^^^^^^^^^^^^^^^^^^^^^^^^^^^^^^^^^^^^^^^^^^^^^^^^^^^^^^^^^^^^^^^^^^^
  File "/home/harshilkhatri2808/prod/tradeJenie/venv/lib/python3.11/site-packages/kiteconnect/connect.py", line 632, in historical_data
    data = self._get("market.historical",
           ^^^^^^^^^^^^^^^^^^^^^^^^^^^^^^
  File "/home/harshilkhatri2808/prod/tradeJenie/venv/lib/python3.11/site-packages/kiteconnect/connect.py", line 861, in _get
    data = self._get("market.historical",
           ^^^^^^^^^^^^^^^^^^^^^^^^^^^^^^
  File "/home/harshilkhatri2808/prod/tradeJenie/venv/lib/python3.11/site-packages/kiteconnect/connect.py", line 861, in _get
    return self._request(route, "GET", url_args=url_args, params=params, is_json=is_json)
    return self._request(route, "GET", url_args=url_args, params=params, is_json=is_json)
           ^^^^^^^^^^^^^^^^^^^^^^^^^^^^^^^^^^^^^^^^^^^^^^^^^^^^^^^^^^^^^^^^^^^^^^^^^^^^^^
           ^^^^^^^^^^^^^^^^^^^^^^^^^^^^^^^^^^^^^^^^^^^^^^^^^^^^^^^^^^^^^^^^^^^^^^^^^^^^^^
  File "/home/harshilkhatri2808/prod/tradeJenie/venv/lib/python3.11/site-packages/kiteconnect/connect.py", line 916, in _request
  File "/home/harshilkhatri2808/prod/tradeJenie/venv/lib/python3.11/site-packages/kiteconnect/connect.py", line 916, in _request
    raise e
  File "/home/harshilkhatri2808/prod/tradeJenie/venv/lib/python3.11/site-packages/kiteconnect/connect.py", line 904, in _request
    raise e
  File "/home/harshilkhatri2808/prod/tradeJenie/venv/lib/python3.11/site-packages/kiteconnect/connect.py", line 904, in _request
    r = self.reqsession.request(method,
        ^^^^^^^^^^^^^^^^^^^^^^^^^^^^^^^
  File "/home/harshilkhatri2808/prod/tradeJenie/venv/lib/python3.11/site-packages/requests/sessions.py", line 589, in request
    resp = self.send(prep, **send_kwargs)
    r = self.reqsession.request(method,
           ^^^^^^^^^^^^^^^^^^^^^^^^^^^^^^
        ^^^^^^^^^^^^^^^^^^^^^^^^^^^^^^^
  File "/home/harshilkhatri2808/prod/tradeJenie/venv/lib/python3.11/site-packages/requests/sessions.py", line 589, in request
  File "/home/harshilkhatri2808/prod/tradeJenie/venv/lib/python3.11/site-packages/requests/sessions.py", line 703, in send
    resp = self.send(prep, **send_kwargs)
    r = adapter.send(request, **kwargs)
           ^^^^^^^^^^^^^^^^^^^^^^^^^^^^^^
        ^^^^^^^^^^^^^^^^^^^^^^^^^^^^^^^
  File "/home/harshilkhatri2808/prod/tradeJenie/venv/lib/python3.11/site-packages/requests/adapters.py", line 677, in send
  File "/home/harshilkhatri2808/prod/tradeJenie/venv/lib/python3.11/site-packages/requests/sessions.py", line 703, in send
    raise ConnectionError(e, request=request)
requests.exceptions.ConnectionError: HTTPSConnectionPool(host='api.kite.trade', port=443): Max retries exceeded with url: /instruments/historical/256265/60minute?from=2025-11-27&to=2025-12-08&interval=60minute&continuous=0&oi=0 (Caused by NameResolutionError("<urllib3.connection.HTTPSConnection object at 0x7f5a26ba2c10>: Failed to resolve 'api.kite.trade' ([Errno -3] Temporary failure in name resolution)"))

During handling of the above exception, another exception occurred:

Traceback (most recent call last):
  File "/home/harshilkhatri2808/prod/tradeJenie/venv/lib/python3.11/site-packages/urllib3/connection.py", line 198, in _new_conn
    r = adapter.send(request, **kwargs)
        ^^^^^^^^^^^^^^^^^^^^^^^^^^^^^^^
  File "/home/harshilkhatri2808/prod/tradeJenie/venv/lib/python3.11/site-packages/requests/adapters.py", line 677, in send
    raise ConnectionError(e, request=request)
requests.exceptions.ConnectionError: HTTPSConnectionPool(host='api.kite.trade', port=443): Max retries exceeded with url: /instruments/historical/256265/60minute?from=2025-11-27&to=2025-12-08&interval=60minute&continuous=0&oi=0 (Caused by NameResolutionError("<urllib3.connection.HTTPSConnection object at 0x7f5a26ba1050>: Failed to resolve 'api.kite.trade' ([Errno -3] Temporary failure in name resolution)"))

During handling of the above exception, another exception occurred:

Traceback (most recent call last):
  File "/home/harshilkhatri2808/prod/tradeJenie/venv/lib/python3.11/site-packages/urllib3/connection.py", line 198, in _new_conn
    sock = connection.create_connection(
           ^^^^^^^^^^^^^^^^^^^^^^^^^^^^^
  File "/home/harshilkhatri2808/prod/tradeJenie/venv/lib/python3.11/site-packages/urllib3/util/connection.py", line 60, in create_connection
    sock = connection.create_connection(
           ^^^^^^^^^^^^^^^^^^^^^^^^^^^^^
  File "/home/harshilkhatri2808/prod/tradeJenie/venv/lib/python3.11/site-packages/urllib3/util/connection.py", line 60, in create_connection
    for res in socket.getaddrinfo(host, port, family, socket.SOCK_STREAM):
               ^^^^^^^^^^^^^^^^^^^^^^^^^^^^^^^^^^^^^^^^^^^^^^^^^^^^^^^^^^
  File "/usr/lib/python3.11/socket.py", line 962, in getaddrinfo
    for res in socket.getaddrinfo(host, port, family, socket.SOCK_STREAM):
               ^^^^^^^^^^^^^^^^^^^^^^^^^^^^^^^^^^^^^^^^^^^^^^^^^^^^^^^^^^
  File "/usr/lib/python3.11/socket.py", line 962, in getaddrinfo
    for res in _socket.getaddrinfo(host, port, family, type, proto, flags):
               ^^^^^^^^^^^^^^^^^^^^^^^^^^^^^^^^^^^^^^^^^^^^^^^^^^^^^^^^^^^
socket.gaierror: [Errno -3] Temporary failure in name resolution

The above exception was the direct cause of the following exception:

Traceback (most recent call last):
  File "/home/harshilkhatri2808/prod/tradeJenie/venv/lib/python3.11/site-packages/urllib3/connectionpool.py", line 787, in urlopen
    response = self._make_request(
               ^^^^^^^^^^^^^^^^^^^
  File "/home/harshilkhatri2808/prod/tradeJenie/venv/lib/python3.11/site-packages/urllib3/connectionpool.py", line 488, in _make_request
    raise new_e
  File "/home/harshilkhatri2808/prod/tradeJenie/venv/lib/python3.11/site-packages/urllib3/connectionpool.py", line 464, in _make_request
    for res in _socket.getaddrinfo(host, port, family, type, proto, flags):
    self._validate_conn(conn)
               ^^^^^^^^^^^^^^^^^^^^^^^^^^^^^^^^^^^^^^^^^^^^^^^^^^^^^^^^^^^
  File "/home/harshilkhatri2808/prod/tradeJenie/venv/lib/python3.11/site-packages/urllib3/connectionpool.py", line 1093, in _validate_conn
socket.gaierror: [Errno -3] Temporary failure in name resolution
    conn.connect()

  File "/home/harshilkhatri2808/prod/tradeJenie/venv/lib/python3.11/site-packages/urllib3/connection.py", line 753, in connect
The above exception was the direct cause of the following exception:

Traceback (most recent call last):
    self.sock = sock = self._new_conn()
  File "/home/harshilkhatri2808/prod/tradeJenie/venv/lib/python3.11/site-packages/urllib3/connectionpool.py", line 787, in urlopen
                       ^^^^^^^^^^^^^^^^
  File "/home/harshilkhatri2808/prod/tradeJenie/venv/lib/python3.11/site-packages/urllib3/connection.py", line 205, in _new_conn
    raise NameResolutionError(self.host, self, e) from e
urllib3.exceptions.NameResolutionError: <urllib3.connection.HTTPSConnection object at 0x7f5a24bbed90>: Failed to resolve 'api.telegram.org' ([Errno -3] Temporary failure in name resolution)

    response = self._make_request(
The above exception was the direct cause of the following exception:
               ^^^^^^^^^^^^^^^^^^^

Traceback (most recent call last):
  File "/home/harshilkhatri2808/prod/tradeJenie/venv/lib/python3.11/site-packages/requests/adapters.py", line 644, in send
  File "/home/harshilkhatri2808/prod/tradeJenie/venv/lib/python3.11/site-packages/urllib3/connectionpool.py", line 488, in _make_request
    raise new_e
  File "/home/harshilkhatri2808/prod/tradeJenie/venv/lib/python3.11/site-packages/urllib3/connectionpool.py", line 464, in _make_request
    resp = conn.urlopen(
           ^^^^^^^^^^^^^
  File "/home/harshilkhatri2808/prod/tradeJenie/venv/lib/python3.11/site-packages/urllib3/connectionpool.py", line 841, in urlopen
    self._validate_conn(conn)
  File "/home/harshilkhatri2808/prod/tradeJenie/venv/lib/python3.11/site-packages/urllib3/connectionpool.py", line 1093, in _validate_conn
    retries = retries.increment(
              ^^^^^^^^^^^^^^^^^^
  File "/home/harshilkhatri2808/prod/tradeJenie/venv/lib/python3.11/site-packages/urllib3/util/retry.py", line 519, in increment
    conn.connect()
  File "/home/harshilkhatri2808/prod/tradeJenie/venv/lib/python3.11/site-packages/urllib3/connection.py", line 753, in connect
    self.sock = sock = self._new_conn()
                       ^^^^^^^^^^^^^^^^
  File "/home/harshilkhatri2808/prod/tradeJenie/venv/lib/python3.11/site-packages/urllib3/connection.py", line 205, in _new_conn
    raise NameResolutionError(self.host, self, e) from e
    raise MaxRetryError(_pool, url, reason) from reason  # type: ignore[arg-type]
    ^^^^^^^^^^^^^^^^^^^^^^^^^^^^^^^^^^^^^^^^^^^^^^^^^^^
urllib3.exceptions.MaxRetryError: HTTPSConnectionPool(host='api.telegram.org', port=443): Max retries exceeded with url: /bot8265133867:AAHHPOOnHu5n_wWoXfNYHGvyyBNA4_6ztxY/sendMessage (Caused by NameResolutionError("<urllib3.connection.HTTPSConnection object at 0x7f5a24bbed90>: Failed to resolve 'api.telegram.org' ([Errno -3] Temporary failure in name resolution)"))

During handling of the above exception, another exception occurred:

Traceback (most recent call last):
  File "/usr/lib/python3.11/threading.py", line 1038, in _bootstrap_inner
urllib3.exceptions.NameResolutionError: <urllib3.connection.HTTPSConnection object at 0x7f5a24bd8910>: Failed to resolve 'api.telegram.org' ([Errno -3] Temporary failure in name resolution)

The above exception was the direct cause of the following exception:

Traceback (most recent call last):
  File "/home/harshilkhatri2808/prod/tradeJenie/venv/lib/python3.11/site-packages/requests/adapters.py", line 644, in send
    resp = conn.urlopen(
           ^^^^^^^^^^^^^
  File "/home/harshilkhatri2808/prod/tradeJenie/venv/lib/python3.11/site-packages/urllib3/connectionpool.py", line 841, in urlopen
    retries = retries.increment(
              ^^^^^^^^^^^^^^^^^^
  File "/home/harshilkhatri2808/prod/tradeJenie/venv/lib/python3.11/site-packages/urllib3/util/retry.py", line 519, in increment
    self.run()
  File "/usr/lib/python3.11/threading.py", line 975, in run
    self._target(*self._args, **self._kwargs)
  File "/home/harshilkhatri2808/prod/tradeJenie/tradeJenie.py", line 513, in live_trading
    raise MaxRetryError(_pool, url, reason) from reason  # type: ignore[arg-type]
    ^^^^^^^^^^^^^^^^^^^^^^^^^^^^^^^^^^^^^^^^^^^^^^^^^^^
urllib3.exceptions.MaxRetryError: HTTPSConnectionPool(host='api.telegram.org', port=443): Max retries exceeded with url: /bot8511372341:AAEDyB6OHh70rsPfG2lNpAyCbTN9_tHWmns/sendMessage (Caused by NameResolutionError("<urllib3.connection.HTTPSConnection object at 0x7f5a24bd8910>: Failed to resolve 'api.telegram.org' ([Errno -3] Temporary failure in name resolution)"))

During handling of the above exception, another exception occurred:

Traceback (most recent call last):
  File "/usr/lib/python3.11/threading.py", line 1038, in _bootstrap_inner
    self.run()
  File "/usr/lib/python3.11/threading.py", line 975, in run
    self._target(*self._args, **self._kwargs)
  File "/home/harshilkhatri2808/prod/tradeJenie/tradeJenie.py", line 513, in live_trading
    send_telegram_message(f"‚ö†Ô∏è {user['user']} {SERVER}  |  {key}  |  {config['INTERVAL']} Error: {e}",user['telegram_chat_id'], user['telegram_token'])
  File "/home/harshilkhatri2808/prod/tradeJenie/telegrambot.py", line 16, in send_telegram_message
    send_telegram_message(f"‚ö†Ô∏è {user['user']} {SERVER}  |  {key}  |  {config['INTERVAL']} Error: {e}",user['telegram_chat_id'], user['telegram_token'])
  File "/home/harshilkhatri2808/prod/tradeJenie/telegrambot.py", line 16, in send_telegram_message
    response = requests.post(url, data=data)
               ^^^^^^^^^^^^^^^^^^^^^^^^^^^^^
  File "/home/harshilkhatri2808/prod/tradeJenie/venv/lib/python3.11/site-packages/requests/api.py", line 115, in post
    response = requests.post(url, data=data)
               ^^^^^^^^^^^^^^^^^^^^^^^^^^^^^
  File "/home/harshilkhatri2808/prod/tradeJenie/venv/lib/python3.11/site-packages/requests/api.py", line 115, in post
    return request("post", url, data=data, json=json, **kwargs)
           ^^^^^^^^^^^^^^^^^^^^^^^^^^^^^^^^^^^^^^^^^^^^^^^^^^^^
  File "/home/harshilkhatri2808/prod/tradeJenie/venv/lib/python3.11/site-packages/requests/api.py", line 59, in request
    return session.request(method=method, url=url, **kwargs)
    return request("post", url, data=data, json=json, **kwargs)
           ^^^^^^^^^^^^^^^^^^^^^^^^^^^^^^^^^^^^^^^^^^^^^^^^^^^^
  File "/home/harshilkhatri2808/prod/tradeJenie/venv/lib/python3.11/site-packages/requests/api.py", line 59, in request
    return session.request(method=method, url=url, **kwargs)
           ^^^^^^^^^^^^^^^^^^^^^^^^^^^^^^^^^^^^^^^^^^^^^^^^^
  File "/home/harshilkhatri2808/prod/tradeJenie/venv/lib/python3.11/site-packages/requests/sessions.py", line 589, in request
    resp = self.send(prep, **send_kwargs)
           ^^^^^^^^^^^^^^^^^^^^^^^^^^^^^^
  File "/home/harshilkhatri2808/prod/tradeJenie/venv/lib/python3.11/site-packages/requests/sessions.py", line 703, in send
    r = adapter.send(request, **kwargs)
        ^^^^^^^^^^^^^^^^^^^^^^^^^^^^^^^
  File "/home/harshilkhatri2808/prod/tradeJenie/venv/lib/python3.11/site-packages/requests/adapters.py", line 677, in send
    raise ConnectionError(e, request=request)
           ^^^^^^^^^^^^^^^^^^^^^^^^^^^^^^^^^^^^^^^^^^^^^^^^^
  File "/home/harshilkhatri2808/prod/tradeJenie/venv/lib/python3.11/site-packages/requests/sessions.py", line 589, in request
    resp = self.send(prep, **send_kwargs)
           ^^^^^^^^^^^^^^^^^^^^^^^^^^^^^^
  File "/home/harshilkhatri2808/prod/tradeJenie/venv/lib/python3.11/site-packages/requests/sessions.py", line 703, in send
    r = adapter.send(request, **kwargs)
        ^^^^^^^^^^^^^^^^^^^^^^^^^^^^^^^
  File "/home/harshilkhatri2808/prod/tradeJenie/venv/lib/python3.11/site-packages/requests/adapters.py", line 677, in send
    raise ConnectionError(e, request=request)
requests.exceptions.ConnectionError: HTTPSConnectionPool(host='api.telegram.org', port=443): Max retries exceeded with url: /bot8265133867:AAHHPOOnHu5n_wWoXfNYHGvyyBNA4_6ztxY/sendMessage (Caused by NameResolutionError("<urllib3.connection.HTTPSConnection object at 0x7f5a24bbed90>: Failed to resolve 'api.telegram.org' ([Errno -3] Temporary failure in name resolution)"))
requests.exceptions.ConnectionError: HTTPSConnectionPool(host='api.telegram.org', port=443): Max retries exceeded with url: /bot8511372341:AAEDyB6OHh70rsPfG2lNpAyCbTN9_tHWmns/sendMessage (Caused by NameResolutionError("<urllib3.connection.HTTPSConnection object at 0x7f5a24bd8910>: Failed to resolve 'api.telegram.org' ([Errno -3] Temporary failure in name resolution)"))
Starting the process...
Today: 08-Dec-2025
Is holiday? False
trading.db not found. Initializing database...
Database initialized successfully at /home/harshilkhatri2808/prod/tradeJenie/Trading.db
Starting user logins and trade genie...
Logging in user: HDK
[INFO] Kite login URL: https://kite.zerodha.com/connect/login?api_key=0iqi9qsbesglr968&v=3
[INFO] Successful Login with Request Token: Rb6JtMSI434NJQHQWI4McaVT7gx84Gnn
[INFO] Token saved to file: access_token.json
[‚úÖ] Access token generated and saved successfully for HDK.
Logging in user: JPK
[INFO] Kite login URL: https://kite.zerodha.com/connect/login?api_key=2e52tukxaqo0xave&v=3
[INFO] Successful Login with Request Token: Rs8B06zOaCUXKWXRMHHwIPEjEK4pWVgT
[INFO] Token saved to file: access_token.json
[‚úÖ] Access token generated and saved successfully for JPK.
Logging in user: PMK
[INFO] Kite login URL: https://kite.zerodha.com/connect/login?api_key=afpr40trjunagy0k&v=3
[INFO] Successful Login with Request Token: gDQpFpYKo4KxcXRq4GX8y6F8L9Z6ZZ35
[INFO] Token saved to file: access_token.json
[‚úÖ] Access token generated and saved successfully for PMK.
Starting trade genie for user: HDK
Starting trade genie for user: JPK
Starting trade genie for user: PMK
‚ÑπÔ∏è Profile: Jinal Parag Khatri | Current Time: 2025-12-08 09:07:13
‚ÑπÔ∏è Profile: Parag Manubhai Khatri | Current Time: 2025-12-08 09:07:13
‚ÑπÔ∏è Profile: Harshil Divyakant Khatri | Current Time: 2025-12-08 09:07:13
Database initialized successfully at /home/harshilkhatri2808/prod/tradeJenie/Trading.db
üöÄ HDK GCP  |  HDK_RLY_H-M100_H01_W  | TRADE mode is ON LIVE_ORDER will be placed
Database initialized successfully at /home/harshilkhatri2808/prod/tradeJenie/Trading.db
üöÄ JPK GCP  |  JPK_RLY_H-M100_H01_W  | TRADE mode is ON LIVE_ORDER will be placed
‚úÖ Broker position matches for Open Position or exceeds DB qty: 150 for NIFTY25D1625900PE
‚úÖ60minute | Loaded open position from DB: {'Signal': 'BUY', 'SpotEntry': 26142.8, 'OptionSymbol': 'NIFTY25D1625900PE', 'Strike': 25900, 'Expiry': '2025-12-16', 'OptionSellPrice': 53.1, 'EntryTime': '2025-12-05 11:15:18', 'qty': 75, 'Interval': '60minute', 'RealTrade': 'yes', 'EntryReason': 'SIGNAL_GENERATED', 'ExpiryType': 'NEXT_WEEK', 'Strategy': 'RAILWAY_TRACK', 'Key': 'HDK_RLY_H-M100_H01_W', 'user_id': 1, 'hedge_option_symbol': 'NIFTY25D1625800PE', 'hedge_strike': 25800, 'hedge_option_buy_price': 36.25, 'hedge_qty': 75, 'hedge_entry_time': '2025-12-05 11:15:18'}
‚û°Ô∏è HDK GCP  |  HDK_RLY_H-M100_H01_W  |  60minute Loaded open position: {'Signal': 'BUY', 'SpotEntry': 26142.8, 'OptionSymbol': 'NIFTY25D1625900PE', 'Strike': 25900, 'Expiry': '2025-12-16', 'OptionSellPrice': 53.1, 'EntryTime': '2025-12-05 11:15:18', 'qty': 75, 'Interval': '60minute', 'RealTrade': 'yes', 'EntryReason': 'SIGNAL_GENERATED', 'ExpiryType': 'NEXT_WEEK', 'Strategy': 'RAILWAY_TRACK', 'Key': 'HDK_RLY_H-M100_H01_W', 'user_id': 1, 'hedge_option_symbol': 'NIFTY25D1625800PE', 'hedge_strike': 25800, 'hedge_option_buy_price': 36.25, 'hedge_qty': 75, 'hedge_entry_time': '2025-12-05 11:15:18'}
HDK GCP  |  HDK_RLY_H-M100_H01_W  |  60minute Market is closed. Checking if market will open within 60 minutes...
HDK GCP  |  HDK_RLY_H-M100_H01_W  |  60minute Market will open within 60 minutes. Continuing to wait...
‚úÖ Broker position matches for Open Position or exceeds DB qty: 225 for NIFTY25D1625800PE
‚úÖ60minute | Loaded open position from DB: {'Signal': 'BUY', 'SpotEntry': 26142.8, 'OptionSymbol': 'NIFTY25D1625800PE', 'Strike': 25800, 'Expiry': '2025-12-16', 'OptionSellPrice': 35.9, 'EntryTime': '2025-12-05 11:15:14', 'qty': 225, 'Interval': '60minute', 'RealTrade': 'yes', 'EntryReason': 'SIGNAL_GENERATED', 'ExpiryType': 'NEXT_WEEK', 'Strategy': 'RAILWAY_TRACK', 'Key': 'JPK_RLY_H-M100_H01_W', 'user_id': 2, 'hedge_option_symbol': 'NIFTY25D1625700PE', 'hedge_strike': 25700, 'hedge_option_buy_price': 24.6, 'hedge_qty': 225, 'hedge_entry_time': '2025-12-05 11:15:14'}
‚û°Ô∏è JPK GCP  |  JPK_RLY_H-M100_H01_W  |  60minute Loaded open position: {'Signal': 'BUY', 'SpotEntry': 26142.8, 'OptionSymbol': 'NIFTY25D1625800PE', 'Strike': 25800, 'Expiry': '2025-12-16', 'OptionSellPrice': 35.9, 'EntryTime': '2025-12-05 11:15:14', 'qty': 225, 'Interval': '60minute', 'RealTrade': 'yes', 'EntryReason': 'SIGNAL_GENERATED', 'ExpiryType': 'NEXT_WEEK', 'Strategy': 'RAILWAY_TRACK', 'Key': 'JPK_RLY_H-M100_H01_W', 'user_id': 2, 'hedge_option_symbol': 'NIFTY25D1625700PE', 'hedge_strike': 25700, 'hedge_option_buy_price': 24.6, 'hedge_qty': 225, 'hedge_entry_time': '2025-12-05 11:15:14'}
JPK GCP  |  JPK_RLY_H-M100_H01_W  |  60minute Market is closed. Checking if market will open within 60 minutes...
JPK GCP  |  JPK_RLY_H-M100_H01_W  |  60minute Market will open within 60 minutes. Continuing to wait...
HDK GCP  |  HDK_RLY_H-M100_H01_W  |  60minute Market is closed. Checking if market will open within 60 minutes...
HDK GCP  |  HDK_RLY_H-M100_H01_W  |  60minute Market will open within 60 minutes. Continuing to wait...
JPK GCP  |  JPK_RLY_H-M100_H01_W  |  60minute Market is closed. Checking if market will open within 60 minutes...
JPK GCP  |  JPK_RLY_H-M100_H01_W  |  60minute Market will open within 60 minutes. Continuing to wait...
HDK GCP  |  HDK_RLY_H-M100_H01_W  |  60minute Market is closed. Checking if market will open within 60 minutes...
HDK GCP  |  HDK_RLY_H-M100_H01_W  |  60minute Market will open within 60 minutes. Continuing to wait...
JPK GCP  |  JPK_RLY_H-M100_H01_W  |  60minute Market is closed. Checking if market will open within 60 minutes...
JPK GCP  |  JPK_RLY_H-M100_H01_W  |  60minute Market will open within 60 minutes. Continuing to wait...
JPK GCP  |  JPK_RLY_H-M100_H01_W  |  60minute Market is closed. Checking if market will open within 60 minutes...
JPK GCP  |  JPK_RLY_H-M100_H01_W  |  60minute Market will open within 60 minutes. Continuing to wait...
HDK GCP  |  HDK_RLY_H-M100_H01_W  |  60minute Market is closed. Checking if market will open within 60 minutes...
HDK GCP  |  HDK_RLY_H-M100_H01_W  |  60minute Market will open within 60 minutes. Continuing to wait...
JPK GCP  |  JPK_RLY_H-M100_H01_W  |  60minute Market is closed. Checking if market will open within 60 minutes...
HDK GCP  |  HDK_RLY_H-M100_H01_W  |  60minute Market is closed. Checking if market will open within 60 minutes...
HDK GCP  |  HDK_RLY_H-M100_H01_W  |  60minute Market will open within 60 minutes. Continuing to wait...
JPK GCP  |  JPK_RLY_H-M100_H01_W  |  60minute Market will open within 60 minutes. Continuing to wait...
HDK GCP  |  HDK_RLY_H-M100_H01_W  |  60minute Market is closed. Checking if market will open within 60 minutes...
HDK GCP  |  HDK_RLY_H-M100_H01_W  |  60minute Market will open within 60 minutes. Continuing to wait...
JPK GCP  |  JPK_RLY_H-M100_H01_W  |  60minute Market is closed. Checking if market will open within 60 minutes...
JPK GCP  |  JPK_RLY_H-M100_H01_W  |  60minute Market will open within 60 minutes. Continuing to wait...
JPK GCP  |  JPK_RLY_H-M100_H01_W  |  60minute Market is closed. Checking if market will open within 60 minutes...
HDK GCP  |  HDK_RLY_H-M100_H01_W  |  60minute Market is closed. Checking if market will open within 60 minutes...
JPK GCP  |  JPK_RLY_H-M100_H01_W  |  60minute Market will open within 60 minutes. Continuing to wait...
HDK GCP  |  HDK_RLY_H-M100_H01_W  |  60minute Market will open within 60 minutes. Continuing to wait...
‚¨áÔ∏è Downloading latest instruments.csv...
‚úÖ instruments.csv downloaded successfully.
‚úÖ Filtered file saved as: nifty_instruments.csv | Rows: 1502
Starting the process...
Today: 09-Dec-2025
Is holiday? False
trading.db not found. Initializing database...
Database initialized successfully at /home/harshilkhatri2808/prod/tradeJenie/Trading.db
Starting user logins and trade genie...
Logging in user: HDK
[INFO] Kite login URL: https://kite.zerodha.com/connect/login?api_key=0iqi9qsbesglr968&v=3
[INFO] Successful Login with Request Token: odigDdGaK1MVCGaz140rxuiIcuRS3bxs
[INFO] Token saved to file: access_token.json
[‚úÖ] Access token generated and saved successfully for HDK.
Logging in user: JPK
[INFO] Kite login URL: https://kite.zerodha.com/connect/login?api_key=2e52tukxaqo0xave&v=3
[INFO] Successful Login with Request Token: 2cylobNwzrP4ZxFqIBARDwMyWkllbvMV
[INFO] Token saved to file: access_token.json
[‚úÖ] Access token generated and saved successfully for JPK.
Logging in user: PMK
[INFO] Kite login URL: https://kite.zerodha.com/connect/login?api_key=afpr40trjunagy0k&v=3
[INFO] Successful Login with Request Token: kZdHjXhHrov2IKjhvaFe0Zc8FztAIzMV
[INFO] Token saved to file: access_token.json
[‚úÖ] Access token generated and saved successfully for PMK.
Starting trade genie for user: HDK
Starting trade genie for user: JPK
Starting trade genie for user: PMK
‚ÑπÔ∏è Profile: Jinal Parag Khatri | Current Time: 2025-12-09 09:05:11
‚ÑπÔ∏è Profile: Parag Manubhai Khatri | Current Time: 2025-12-09 09:05:11
‚ÑπÔ∏è Profile: Harshil Divyakant Khatri | Current Time: 2025-12-09 09:05:11
Database initialized successfully at /home/harshilkhatri2808/prod/tradeJenie/Trading.db
üöÄ JPK GCP  |  JPK_RLY_H-M100_H01_W  | TRADE mode is ON LIVE_ORDER will be placed
Database initialized successfully at /home/harshilkhatri2808/prod/tradeJenie/Trading.db
üöÄ HDK GCP  |  HDK_RLY_H-M100_H01_W  | TRADE mode is ON LIVE_ORDER will be placed
‚ÑπÔ∏è JPK GCP  |  JPK_RLY_H-M100_H01_W  |  60minute No open position. Waiting for next signal...
JPK GCP  |  JPK_RLY_H-M100_H01_W  |  60minute Market is closed. Checking if market will open within 60 minutes...
JPK GCP  |  JPK_RLY_H-M100_H01_W  |  60minute Market will open within 60 minutes. Continuing to wait...
‚ÑπÔ∏è HDK GCP  |  HDK_RLY_H-M100_H01_W  |  60minute No open position. Waiting for next signal...
HDK GCP  |  HDK_RLY_H-M100_H01_W  |  60minute Market is closed. Checking if market will open within 60 minutes...
HDK GCP  |  HDK_RLY_H-M100_H01_W  |  60minute Market will open within 60 minutes. Continuing to wait...
JPK GCP  |  JPK_RLY_H-M100_H01_W  |  60minute Market is closed. Checking if market will open within 60 minutes...
JPK GCP  |  JPK_RLY_H-M100_H01_W  |  60minute Market will open within 60 minutes. Continuing to wait...
HDK GCP  |  HDK_RLY_H-M100_H01_W  |  60minute Market is closed. Checking if market will open within 60 minutes...
HDK GCP  |  HDK_RLY_H-M100_H01_W  |  60minute Market will open within 60 minutes. Continuing to wait...
JPK GCP  |  JPK_RLY_H-M100_H01_W  |  60minute Market is closed. Checking if market will open within 60 minutes...
JPK GCP  |  JPK_RLY_H-M100_H01_W  |  60minute Market will open within 60 minutes. Continuing to wait...
HDK GCP  |  HDK_RLY_H-M100_H01_W  |  60minute Market is closed. Checking if market will open within 60 minutes...
HDK GCP  |  HDK_RLY_H-M100_H01_W  |  60minute Market will open within 60 minutes. Continuing to wait...
JPK GCP  |  JPK_RLY_H-M100_H01_W  |  60minute Market is closed. Checking if market will open within 60 minutes...
JPK GCP  |  JPK_RLY_H-M100_H01_W  |  60minute Market will open within 60 minutes. Continuing to wait...
HDK GCP  |  HDK_RLY_H-M100_H01_W  |  60minute Market is closed. Checking if market will open within 60 minutes...
HDK GCP  |  HDK_RLY_H-M100_H01_W  |  60minute Market will open within 60 minutes. Continuing to wait...
JPK GCP  |  JPK_RLY_H-M100_H01_W  |  60minute Market is closed. Checking if market will open within 60 minutes...
JPK GCP  |  JPK_RLY_H-M100_H01_W  |  60minute Market will open within 60 minutes. Continuing to wait...
HDK GCP  |  HDK_RLY_H-M100_H01_W  |  60minute Market is closed. Checking if market will open within 60 minutes...
HDK GCP  |  HDK_RLY_H-M100_H01_W  |  60minute Market will open within 60 minutes. Continuing to wait...
JPK GCP  |  JPK_RLY_H-M100_H01_W  |  60minute Market is closed. Checking if market will open within 60 minutes...
JPK GCP  |  JPK_RLY_H-M100_H01_W  |  60minute Market will open within 60 minutes. Continuing to wait...
HDK GCP  |  HDK_RLY_H-M100_H01_W  |  60minute Market is closed. Checking if market will open within 60 minutes...
HDK GCP  |  HDK_RLY_H-M100_H01_W  |  60minute Market will open within 60 minutes. Continuing to wait...
JPK GCP  |  JPK_RLY_H-M100_H01_W  |  60minute Market is closed. Checking if market will open within 60 minutes...
JPK GCP  |  JPK_RLY_H-M100_H01_W  |  60minute Market will open within 60 minutes. Continuing to wait...
HDK GCP  |  HDK_RLY_H-M100_H01_W  |  60minute Market is closed. Checking if market will open within 60 minutes...
HDK GCP  |  HDK_RLY_H-M100_H01_W  |  60minute Market will open within 60 minutes. Continuing to wait...
JPK GCP  |  JPK_RLY_H-M100_H01_W  |  60minute Market is closed. Checking if market will open within 60 minutes...
JPK GCP  |  JPK_RLY_H-M100_H01_W  |  60minute Market will open within 60 minutes. Continuing to wait...
HDK GCP  |  HDK_RLY_H-M100_H01_W  |  60minute Market is closed. Checking if market will open within 60 minutes...
HDK GCP  |  HDK_RLY_H-M100_H01_W  |  60minute Market will open within 60 minutes. Continuing to wait...
JPK GCP  |  JPK_RLY_H-M100_H01_W  |  60minute Market is closed. Checking if market will open within 60 minutes...
JPK GCP  |  JPK_RLY_H-M100_H01_W  |  60minute Market will open within 60 minutes. Continuing to wait...
HDK GCP  |  HDK_RLY_H-M100_H01_W  |  60minute Market is closed. Checking if market will open within 60 minutes...
HDK GCP  |  HDK_RLY_H-M100_H01_W  |  60minute Market will open within 60 minutes. Continuing to wait...
JPK GCP  |  JPK_RLY_H-M100_H01_W  |  60minute Market is closed. Checking if market will open within 60 minutes...
JPK GCP  |  JPK_RLY_H-M100_H01_W  |  60minute Market will open within 60 minutes. Continuing to wait...
HDK GCP  |  HDK_RLY_H-M100_H01_W  |  60minute Market is closed. Checking if market will open within 60 minutes...
HDK GCP  |  HDK_RLY_H-M100_H01_W  |  60minute Market will open within 60 minutes. Continuing to wait...
üïµÔ∏è‚Äç‚ôÄÔ∏è JPK GCP  |  JPK_RLY_H-M100_H01_W  |  60minute Candles available: 49 / Required: 20
RAILWAY_TRACK | Candle time 2025-12-08 15:15 | Close: 25932.8 | Buy: False | Sell: False | Trend: -1 | Current Time: 2025-12-09 09:15:14
üïµÔ∏è‚Äç‚ôÄÔ∏è HDK GCP  |  HDK_RLY_H-M100_H01_W  |  60minute Candles available: 49 / Required: 20
RAILWAY_TRACK | Candle time 2025-12-08 15:15 | Close: 25932.8 | Buy: False | Sell: False | Trend: -1 | Current Time: 2025-12-09 09:15:14
üïµÔ∏è‚Äç‚ôÄÔ∏è JPK GCP  |  JPK_RLY_H-M100_H01_W  |  60minute Candles available: 50 / Required: 20
üïµÔ∏è‚Äç‚ôÄÔ∏è HDK GCP  |  HDK_RLY_H-M100_H01_W  |  60minute Candles available: 50 / Required: 20
RAILWAY_TRACK | Candle time 2025-12-09 09:15 | Close: 25783.55 | Buy: False | Sell: False | Trend: -1 | Current Time: 2025-12-09 10:15:17
RAILWAY_TRACK | Candle time 2025-12-09 09:15 | Close: 25783.55 | Buy: False | Sell: False | Trend: -1 | Current Time: 2025-12-09 10:15:17
üïµÔ∏è‚Äç‚ôÄÔ∏è JPK GCP  |  JPK_RLY_H-M100_H01_W  |  60minute Candles available: 51 / Required: 20
RAILWAY_TRACK | Candle time 2025-12-09 10:15 | Close: 25864.8 | Buy: False | Sell: False | Trend: -1 | Current Time: 2025-12-09 11:15:15
üïµÔ∏è‚Äç‚ôÄÔ∏è HDK GCP  |  HDK_RLY_H-M100_H01_W  |  60minute Candles available: 51 / Required: 20
RAILWAY_TRACK | Candle time 2025-12-09 10:15 | Close: 25864.8 | Buy: False | Sell: False | Trend: -1 | Current Time: 2025-12-09 11:15:18
üïµÔ∏è‚Äç‚ôÄÔ∏è JPK GCP  |  JPK_RLY_H-M100_H01_W  |  60minute Candles available: 52 / Required: 20
RAILWAY_TRACK | Candle time 2025-12-09 11:15 | Close: 25894.2 | Buy: False | Sell: False | Trend: -1 | Current Time: 2025-12-09 12:15:17
üïµÔ∏è‚Äç‚ôÄÔ∏è HDK GCP  |  HDK_RLY_H-M100_H01_W  |  60minute Candles available: 52 / Required: 20
RAILWAY_TRACK | Candle time 2025-12-09 11:15 | Close: 25894.2 | Buy: False | Sell: False | Trend: -1 | Current Time: 2025-12-09 12:15:23
üïµÔ∏è‚Äç‚ôÄÔ∏è JPK GCP  |  JPK_RLY_H-M100_H01_W  |  60minute Candles available: 53 / Required: 20
RAILWAY_TRACK | Candle time 2025-12-09 12:15 | Close: 25878.05 | Buy: False | Sell: False | Trend: -1 | Current Time: 2025-12-09 13:15:15
üïµÔ∏è‚Äç‚ôÄÔ∏è HDK GCP  |  HDK_RLY_H-M100_H01_W  |  60minute Candles available: 53 / Required: 20
RAILWAY_TRACK | Candle time 2025-12-09 12:15 | Close: 25878.05 | Buy: False | Sell: False | Trend: -1 | Current Time: 2025-12-09 13:15:17
üïµÔ∏è‚Äç‚ôÄÔ∏è HDK GCP  |  HDK_RLY_H-M100_H01_W  |  60minute Candles available: 54 / Required: 20
RAILWAY_TRACK | Candle time 2025-12-09 13:15 | Close: 25886.5 | Buy: False | Sell: False | Trend: -1 | Current Time: 2025-12-09 14:15:10
üïµÔ∏è‚Äç‚ôÄÔ∏è JPK GCP  |  JPK_RLY_H-M100_H01_W  |  60minute Candles available: 54 / Required: 20
RAILWAY_TRACK | Candle time 2025-12-09 13:15 | Close: 25886.5 | Buy: False | Sell: False | Trend: -1 | Current Time: 2025-12-09 14:15:13
üïµÔ∏è‚Äç‚ôÄÔ∏è HDK GCP  |  HDK_RLY_H-M100_H01_W  |  60minute Candles available: 55 / Required: 20
RAILWAY_TRACK | Candle time 2025-12-09 14:15 | Close: 25837.6 | Buy: False | Sell: False | Trend: -1 | Current Time: 2025-12-09 15:15:11
üïµÔ∏è‚Äç‚ôÄÔ∏è JPK GCP  |  JPK_RLY_H-M100_H01_W  |  60minute Candles available: 55 / Required: 20
RAILWAY_TRACK | Candle time 2025-12-09 14:15 | Close: 25837.6 | Buy: False | Sell: False | Trend: -1 | Current Time: 2025-12-09 15:15:17
JPK GCP  |  JPK_RLY_H-M100_H01_W  |  60minute Market is closed. Checking if market will open within 60 minutes...
JPK GCP  |  JPK_RLY_H-M100_H01_W  |  60minute Market will not open within 60 minutes. Stopping program.
HDK GCP  |  HDK_RLY_H-M100_H01_W  |  60minute Market is closed. Checking if market will open within 60 minutes...
HDK GCP  |  HDK_RLY_H-M100_H01_W  |  60minute Market will not open within 60 minutes. Stopping program.
